
> sasu-cli@0.10.0 test:e2e
> node --test "test/e2e/*.test.mjs"

✔ AC1: a rerun on an unchanged document returns a subset of the open findings and no new id (219.0035ms)
✔ AC2: a lane whose Decision Register rows changed may add a finding; an unchanged lane may not (195.939333ms)
✔ AC3: a state file written by this CLI carries no round counter and no review phase (191.15175ms)
✔ AC3: a legacy state file carrying the retired review lifecycle fails loudly instead of being coerced (276.117959ms)
✔ AC4: two open requiresHuman findings become one NEEDS_HUMAN bundle, and the user's answer seals PASS with no judge call (442.391958ms)
✔ AC4: a mixed open set blocks instead of asking the user; the human question waits for the agent-fixable one (141.045458ms)
✔ AC5: a goal-scope lane P1 with every other lane empty is a PASS with the finding in warnings (164.760333ms)
✔ AC6: a data-tech lane requiresHuman finding joins the human bundle and is not a PASS (88.875667ms)
✔ AC6: a data-tech lane P2 marked requiresHuman is promoted into the bundle rather than warned away (76.353458ms)
✔ AC7: after a sealed PASS, a Q anchor line, an Audit History block, and the status value do not make the gate STALE (797.0385ms)
✔ AC8: after a sealed PASS, one changed Decision Register decision cell makes the gate STALE (358.346208ms)
✔ gap-audit reopen records operational evidence without manufacturing a Raw Q&A answer or staling the sibling gate (804.437208ms)
✔ spec reopen records operational evidence without manufacturing a Raw Q&A answer or staling the sibling gate (873.665667ms)
✔ a substantive reopen request reaches the judge and its missing normalization can block once without unbounded new findings (325.953541ms)
✔ AC11: gate reopen is refused before any verdict and records nothing (57.284834ms)
✔ AC9: a gap-audit run records itself in the qa-log's Audit History, moves the status, and writes nothing else (202.469166ms)
✔ AC9: a judge error and a spec run are recorded too; spec never moves the qa-log status (193.371875ms)
✔ AC14: a PRD citing a Q turn with an empty answer is blocked by prd-cited-question-unanswered at $0 (130.566958ms)
✔ AC14: a PRD citing an answered Q turn passes the rule, and a quarter is not a citation (70.126916ms)
✔ an Implementor role refuses specification gates before setup writes, and an unmarked session recovers (266.6025ms)
✔ gate gap-audit stops on a human gap then PASSes when the log is complete (195.97875ms)
✔ gate spec BLOCKs on a fidelity gap and records the artifact (93.196667ms)
✔ delegated spec judges receive the later invocation and the source cannot be replaced (371.964291ms)
✔ hard block: override without --reason is rejected; with reason it unblocks and records a deviation (221.684292ms)
✔ fail-closed: a missing judge binary keeps the gate blocked with cause and override path (63.569708ms)
✔ fail-closed: invalid judge replies surface as a blocked ERROR run naming the lanes, not a pass (77.266792ms)
✔ retry budget: a judge-error loop spends no budget and terminates on its own cause (228.407625ms)
✔ fan-out: one blocking lane blocks the merged gate and per-lane records land in the artifact (79.053958ms)
✔ fan-out: judge.fanout=false restores the single-judge path with exactly one call (84.772334ms)
✔ fan-out: spec gate runs its two review-axis lanes (80.626041ms)
✔ fan-out rerun: a new lane finding on an unchanged document is discarded, and the resolved set seals (222.9635ms)
✔ sealed PASS: input drift refuses automatic re-judgment and explicit reopen starts a fresh review (774.510667ms)
✔ freshness: editing the qa-log after a gap-audit PASS surfaces STALE in gate status (499.111875ms)
✔ gate status reports all three gates and the judge call count (131.338875ms)
✔ prelint: a structural qa-log defect blocks at $0 - no judge call, no attempt, no state (139.232083ms)
✔ prelint: a blocked judge attempt count survives a later prelint failure untouched (135.082083ms)
✔ prelint: spec gate lints the PRD at its entrance (113.153ms)
✔ prelint: an unreadable document path fails closed with a cause and no judge call (AC7) (97.061208ms)
✔ json contract: gate results carry contractVersion and a prelint key separate from judge findings (208.219667ms)
✔ json contract: doctor, status, and override all emit contractVersion-tagged JSON (396.187834ms)
✔ the duplicate PRD verify completion path is explicitly retired (148.767459ms)
✔ delegated run: --assume-human-findings converts non-P0 human findings to a recorded ledger and proceeds (130.051625ms)
✔ delegated run: a stored `gate delegate` record applies without the per-call flag (188.696875ms)
✔ delegated run: the stored invocation cannot be replaced by a per-call placeholder (124.98975ms)
✔ delegated run: a P0 human finding still blocks under --assume-human-findings (80.405084ms)
✔ delegated run: empty --assume-human-findings evidence is refused before any judge call (62.255375ms)
✔ a dual-backend auth failure's recovery is built from the failure record (345.188208ms)
✔ only a human amendment reseals the full PRD and refreshes mirrored execution metadata (1823.118583ms)
✔ the sealed suite survives config weakening and exclusion requires approval while retaining its failed result (1181.727333ms)
✔ routine success never resets the round budget while a distinct blocking risk stays open (1669.234583ms)
✔ an explicit user grant preserves prior findings and extends the exhausted budget in the same run (1146.672625ms)
✔ persistent backend errors terminate separately from implementation-fix rounds and permit a blocked receipt (1613.656709ms)
✔ repeated identical pre-judge errors reach the harness bound and produce an honest blocked receipt (824.775416ms)
✔ high-risk and routine review execute concurrently on the same input with no duplicate suite (1333.179458ms)
✔ accepted risk can release delivery while historical review failure remains honest and product defects remain blocking (1384.89375ms)
✔ only a human non-convergence declaration permits early blocked closure and never accepts the risk (918.000166ms)
✔ a current PASS becomes ineligible after source changes, including a previously finalized run (1316.833958ms)
✔ a current PASS becomes ineligible after prd changes, including a previously finalized run (1040.479625ms)
✔ a current PASS becomes ineligible after artifact-changed changes, including a previously finalized run (1014.280042ms)
✔ a current PASS becomes ineligible after artifact-missing changes, including a previously finalized run (1045.223333ms)
✔ missing or altered registered evidence stops review, while a replacement preserves history (901.3565ms)
✔ artifact registration rejects self-referential and escaping symlink evidence (434.586583ms)
✔ an absent prior disposition cannot silently resolve a defect, and a new unchanged-file omission is retained (1551.642333ms)
✔ advice is recorded without an acceptance ceremony, while a top-level PASS cannot hide a defect (1208.502ms)
✔ review receives recorded conversational admission and exact human-source quotation boundaries (561.517459ms)
✔ post-completion human input remains open, rejection blocks delivery, explicit withdrawal restores it with history (1034.798542ms)
✔ a prerequisite human judgment cannot be downgraded into deliverable pending-human (866.16175ms)
✔ a human confirmation cannot refresh a completed result after source has changed (727.529666ms)
✔ a change to the canonical interview invalidates review even when a prior spec gate selected decisions (813.858458ms)
✔ a foreign session mutation needs recorded adoption before ownership changes (269.580708ms)
✔ a confirmed human authority remains visible to the next full review and is not reopened by omission (968.134084ms)
✔ the source catalog is metadata until one shared run artifact supplies exact unchanged source context (902.475833ms)
✔ registered record-tree source cannot replace different current source in an isolated worktree (599.524542ms)
✔ the whole verify lease refuses every domain mutation and merges their refusal history before releasing (4772.220959ms)
✔ recovery terminates a dead owner's command group before a new verification can run (864.206583ms)
✔ two independently recorded reviews overlap on one full contract, evidence snapshot, suite and receipt (1909.647584ms)
✔ missing Fidelity accounting is an error even when the Code reviewer passes and cannot earn a receipt (773.859334ms)
✔ a findings-only summary cannot substitute for either role's recorded grounds (698.693ms)
✔ a settled role persists under the live lease, and its new defect survives a sibling error without closing prior findings (7135.433791ms)
✔ identical findings share one stable identity, conflicting dispositions keep it open, and agreement after repair earns a receipt (1295.834208ms)
✔ different defects citing the same requirement remain separate repair obligations (613.586917ms)
✔ agreement between reviewers cannot close an explicit human prerequisite (899.553542ms)
✔ a Behavior explicitly reserved for later human judgment retains pending grounds through confirmation (666.855375ms)
✔ AC33: the solver runs read-only and the run's only write happens after it returns (409.441584ms)
✔ AC33: what comes back is a diagnosis, and it is recorded as text (359.678584ms)
✔ AC33: a solver that returns anything but the three fields is not accepted (301.976167ms)
✔ AC34: the replacement briefing carries the three artifacts and no conversation (290.6075ms)
✔ AC34: with no herdr the reset is reported as the supervisor's to perform, not silently skipped (277.69725ms)
✔ AC35: a summon failure is recorded as a failed escalation and the implementor is not reset (275.884625ms)
✔ AC35: the run-wide bound refuses the escalation past the constant (508.270584ms)
✔ AC35: escalate needs a reason and a target that exists (345.92725ms)
✔ AC35: the implementor may not summon its own replacement (267.017625ms)
✔ await names which liveness probe it used, and refuses two answers to one question (373.854458ms)
✔ AC41: once the bound is spent, status names the run's state and the move that is left (639.14975ms)
✔ AC43: the solver's input envelope and its output both hold their declared shape (566.719458ms)
✔ thirty requirements receive grouped evidence grounds in independent reviews and the receipt (1224.329416ms)
✔ a valid failed review stays active and repair appends a passing attempt without rewriting history (1470.969208ms)
✔ a failed mandatory suite is an actual failed attempt and leaves the correction path active (768.219583ms)
✔ retired commands and old state schemas fail explicitly instead of replaying legacy proof (699.659542ms)
✔ an empty source change is recorded as preflight failure rather than a successful review (408.966833ms)
✔ a qa-log-backed PRD cannot start before both PRD review gates pass (102.316042ms)
✔ dirty attribution and retire cover refusal, recovery, cross-session evidence, and released occupancy (923.703167ms)
✔ dirty intake presents one operator question and commit-first produces a committed baseline (329.914334ms)
✔ isolated starts carry source dirtiness and preserve its selected attribution (454.214834ms)
✔ an unborn Git repository still requires attribution and keeps its files in the run-owned diff (618.546333ms)
✔ worktree.enabled isolates the first run too (195.932208ms)
✔ dirty worktree setup output is attributed before state and a refused provision is rolled back (432.180708ms)
✔ a failure after worktree setup removes the unrecorded worktree and branch (220.511292ms)
✔ a failed worktree rollback reports its cleanup failures (412.068833ms)
✔ per-session pointers keep two sessions' bare commands on their own runs (523.317417ms)
✔ a successful command that changes product source cannot earn a current review or receipt (606.451ms)
✔ a backend without bounded evidence access fails visibly instead of reviewing from unavailable source (543.35675ms)
✔ question limit is persisted, surfaced at the boundary, and preserves an extra captured turn (397.086792ms)
✔ a full interview turn syncs from the transcript and the gate prelint accepts the result (559.280542ms)
✔ interview coherence is advisory: skips when thin, judges when seeded, never writes gate state (521.705791ms)
✔ usage errors exit 2 and unknown subcommands are rejected (137.199ms)
✔ one full-contract review covers thirty requirements without outcomes per AC (322.388167ms)
✔ actual required command failure prevents any judge call and cannot be skipped (332.542917ms)
✔ repeated identical command runs once per attempt, and runs again on the next attempt (517.731041ms)
✔ first defect stays open with stable ID and explicit resolution is required (565.037084ms)
✔ an unresolved defect cannot become a passing advisory on the next review (358.908959ms)
✔ semantic static reruns refuse without spend; source and input changes allow a new review (473.247416ms)
✔ registered shared evidence is hash-pinned and changed content stales PASS (279.145542ms)
✔ missing, empty, binary, escaping and oversized evidence blocks before review (943.409333ms)
✔ shared captures actually execute and unavailable image access never becomes human PASS (198.568875ms)
✔ run-wide Human Review remains conservative while every AC reaches review (158.676375ms)
✔ retired per-AC method contract is refused before mechanical execution (122.770916ms)
✔ an overall PASS string cannot conceal a defect in the new review contract (161.622916ms)
ℹ tests 128
ℹ suites 0
ℹ pass 128
ℹ fail 0
ℹ cancelled 0
ℹ skipped 0
ℹ todo 0
ℹ duration_ms 15319.577042
