
> sasu-cli@0.9.0 test:e2e
> node --test "test/e2e/*.test.mjs"

✔ AC1: a rerun on an unchanged document returns a subset of the open findings and no new id (215.837458ms)
✔ AC2: a lane whose Decision Register rows changed may add a finding; an unchanged lane may not (165.059167ms)
✔ AC3: a state file written by this CLI carries no round counter and no review phase (168.029584ms)
✔ AC3: a legacy state file carrying the retired review lifecycle fails loudly instead of being coerced (264.903542ms)
✔ AC4: two open requiresHuman findings become one NEEDS_HUMAN bundle, and the user's answer seals PASS with no judge call (467.439084ms)
✔ AC4: a mixed open set blocks instead of asking the user; the human question waits for the agent-fixable one (140.701ms)
✔ AC5: a goal-scope lane P1 with every other lane empty is a PASS with the finding in warnings (164.430125ms)
✔ AC6: a data-tech lane requiresHuman finding joins the human bundle and is not a PASS (78.799791ms)
✔ AC6: a data-tech lane P2 marked requiresHuman is promoted into the bundle rather than warned away (93.864334ms)
✔ AC7: after a sealed PASS, a Q anchor line, an Audit History block, and the status value do not make the gate STALE (769.800083ms)
✔ AC8: after a sealed PASS, one changed Decision Register decision cell makes the gate STALE (349.825958ms)
✔ gap-audit reopen records operational evidence without manufacturing a Raw Q&A answer or staling the sibling gate (775.608292ms)
✔ spec reopen records operational evidence without manufacturing a Raw Q&A answer or staling the sibling gate (767.356125ms)
✔ a substantive reopen request reaches the judge and its missing normalization can block once without unbounded new findings (324.843125ms)
✔ AC11: gate reopen is refused before any verdict and records nothing (60.782959ms)
✔ AC9: a gap-audit run records itself in the qa-log's Audit History, moves the status, and writes nothing else (197.689667ms)
✔ AC9: a judge error and a spec run are recorded too; spec never moves the qa-log status (185.311792ms)
✔ AC14: a PRD citing a Q turn with an empty answer is blocked by prd-cited-question-unanswered at $0 (119.865625ms)
✔ AC14: a PRD citing an answered Q turn passes the rule, and a quarter is not a citation (64.5465ms)
✔ an Implementor role refuses specification gates before setup writes, and an unmarked session recovers (300.097417ms)
✔ gate gap-audit stops on a human gap then PASSes when the log is complete (171.090583ms)
✔ gate spec BLOCKs on a fidelity gap and records the artifact (77.39325ms)
✔ delegated spec judges receive the later invocation and the source cannot be replaced (340.344833ms)
✔ hard block: override without --reason is rejected; with reason it unblocks and records a deviation (228.143584ms)
✔ fail-closed: a missing judge binary keeps the gate blocked with cause and override path (74.102875ms)
✔ fail-closed: invalid judge replies surface as a blocked ERROR run naming the lanes, not a pass (83.953583ms)
✔ retry budget: a judge-error loop spends no budget and terminates on its own cause (237.873084ms)
✔ fan-out: one blocking lane blocks the merged gate and per-lane records land in the artifact (74.120625ms)
✔ fan-out: judge.fanout=false restores the single-judge path with exactly one call (74.458417ms)
✔ fan-out: spec gate runs its two review-axis lanes (95.829208ms)
✔ fan-out rerun: a new lane finding on an unchanged document is discarded, and the resolved set seals (222.993666ms)
✔ sealed PASS: input drift refuses automatic re-judgment and explicit reopen starts a fresh review (736.910416ms)
✔ freshness: editing the qa-log after a gap-audit PASS surfaces STALE in gate status (486.296083ms)
✔ gate status reports all three gates and the judge call count (128.28ms)
✔ prelint: a structural qa-log defect blocks at $0 - no judge call, no attempt, no state (127.330458ms)
✔ prelint: a blocked judge attempt count survives a later prelint failure untouched (129.314709ms)
✔ prelint: spec gate lints the PRD at its entrance (70.0195ms)
✔ prelint: an unreadable document path fails closed with a cause and no judge call (AC7) (58.007125ms)
✔ json contract: gate results carry contractVersion and a prelint key separate from judge findings (200.623375ms)
✔ json contract: doctor, status, and override all emit contractVersion-tagged JSON (351.306709ms)
✔ the duplicate PRD verify completion path is explicitly retired (100.986083ms)
✔ delegated run: --assume-human-findings converts non-P0 human findings to a recorded ledger and proceeds (117.066916ms)
✔ delegated run: a stored `gate delegate` record applies without the per-call flag (188.8635ms)
✔ delegated run: the stored invocation cannot be replaced by a per-call placeholder (124.893959ms)
✔ delegated run: a P0 human finding still blocks under --assume-human-findings (70.566542ms)
✔ delegated run: empty --assume-human-findings evidence is refused before any judge call (63.031083ms)
✔ a dual-backend auth failure's recovery is built from the failure record (470.3995ms)
✔ only a human amendment reseals the full PRD and refreshes mirrored execution metadata (1816.344916ms)
✔ the sealed suite survives config weakening and exclusion requires approval while retaining its failed result (1146.006792ms)
✔ routine success never resets the round budget while a distinct blocking risk stays open (1687.866333ms)
✔ an explicit user grant preserves prior findings and extends the exhausted budget in the same run (1146.152625ms)
✔ persistent backend errors terminate separately from implementation-fix rounds and permit a blocked receipt (1441.677ms)
✔ repeated identical pre-judge errors reach the harness bound and produce an honest blocked receipt (770.360833ms)
✔ high-risk and routine review execute concurrently on the same input with no duplicate suite (1296.935625ms)
✔ accepted risk can release delivery while historical review failure remains honest and product defects remain blocking (1277.548125ms)
✔ only a human non-convergence declaration permits early blocked closure and never accepts the risk (876.023792ms)
✔ a current PASS becomes ineligible after source changes, including a previously finalized run (1288.248792ms)
✔ a current PASS becomes ineligible after prd changes, including a previously finalized run (1074.14375ms)
✔ a current PASS becomes ineligible after artifact-changed changes, including a previously finalized run (967.883209ms)
✔ a current PASS becomes ineligible after artifact-missing changes, including a previously finalized run (887.98675ms)
✔ missing or altered registered evidence stops review, while a replacement preserves history (841.879042ms)
✔ artifact registration rejects self-referential and escaping symlink evidence (396.840125ms)
✔ an absent prior disposition cannot silently resolve a defect, and a new unchanged-file omission is retained (1461.110834ms)
✔ advice is recorded without an acceptance ceremony, while a top-level PASS cannot hide a defect (1084.006959ms)
✔ review receives recorded conversational admission and exact human-source quotation boundaries (554.0195ms)
✔ post-completion human input remains open, rejection blocks delivery, explicit withdrawal restores it with history (983.551917ms)
✔ a prerequisite human judgment cannot be downgraded into deliverable pending-human (809.452125ms)
✔ a human confirmation cannot refresh a completed result after source has changed (690.852375ms)
✔ a change to the canonical interview invalidates review even when a prior spec gate selected decisions (718.36675ms)
✔ a foreign session mutation needs recorded adoption before ownership changes (232.963208ms)
✔ a confirmed human authority remains visible to the next full review and is not reopened by omission (854.819417ms)
✔ the source catalog is metadata until one shared run artifact supplies exact unchanged source context (842.889125ms)
✔ registered record-tree source cannot replace different current source in an isolated worktree (560.453209ms)
✔ the whole verify lease refuses every domain mutation and merges their refusal history before releasing (4789.297916ms)
✔ recovery terminates a dead owner's command group before a new verification can run (786.027167ms)
✔ two independently recorded reviews overlap on one full contract, evidence snapshot, suite and receipt (1909.704833ms)
✔ a settled role persists under the live lease, and its new defect survives a sibling error without closing prior findings (7112.92425ms)
✔ identical findings share one stable identity, conflicting dispositions keep it open, and agreement after repair earns a receipt (1201.621417ms)
✔ different defects citing the same requirement remain separate repair obligations (520.044333ms)
✔ agreement between reviewers cannot close an explicit human prerequisite (824.78125ms)
✔ AC33: the solver runs read-only and the run's only write happens after it returns (418.581208ms)
✔ AC33: what comes back is a diagnosis, and it is recorded as text (358.154375ms)
✔ AC33: a solver that returns anything but the three fields is not accepted (285.253083ms)
✔ AC34: the replacement briefing carries the three artifacts and no conversation (290.337458ms)
✔ AC34: with no herdr the reset is reported as the supervisor's to perform, not silently skipped (287.95575ms)
✔ AC35: a summon failure is recorded as a failed escalation and the implementor is not reset (288.006958ms)
✔ AC35: the run-wide bound refuses the escalation past the constant (504.286083ms)
✔ AC35: escalate needs a reason and a target that exists (308.952833ms)
✔ AC35: the implementor may not summon its own replacement (263.84625ms)
✔ await names which liveness probe it used, and refuses two answers to one question (373.539916ms)
✔ AC41: once the bound is spent, status names the run's state and the move that is left (518.972625ms)
✔ AC43: the solver's input envelope and its output both hold their declared shape (463.795167ms)
✔ thirty requirements and all decisions reach both independent reviews with no requirement PASS ledger (1198.289958ms)
✔ a first review defect leaves the run active with open findings and cannot close prematurely (886.033833ms)
✔ a failed mandatory suite is an actual failed attempt and leaves the correction path active (819.420458ms)
✔ retired commands and old state schemas fail explicitly instead of replaying legacy proof (601.424125ms)
✔ an empty source change is recorded as preflight failure rather than a successful review (367.243417ms)
✔ a qa-log-backed PRD cannot start before both PRD review gates pass (105.360209ms)
✔ dirty attribution and retire cover refusal, recovery, cross-session evidence, and released occupancy (921.193458ms)
✔ dirty intake presents one operator question and commit-first produces a committed baseline (332.188791ms)
✔ isolated starts carry source dirtiness and preserve its selected attribution (465.642791ms)
✔ an unborn Git repository still requires attribution and keeps its files in the run-owned diff (573.61025ms)
✔ worktree.enabled isolates the first run too (200.379209ms)
✔ dirty worktree setup output is attributed before state and a refused provision is rolled back (383.061583ms)
✔ a failure after worktree setup removes the unrecorded worktree and branch (201.581625ms)
✔ a failed worktree rollback reports its cleanup failures (495.943625ms)
✔ per-session pointers keep two sessions' bare commands on their own runs (491.2435ms)
✔ a successful command that changes product source cannot earn a current review or receipt (584.623167ms)
✔ a backend without bounded evidence access fails visibly instead of reviewing from unavailable source (531.910583ms)
✔ question limit is persisted, surfaced at the boundary, and preserves an extra captured turn (368.223ms)
✔ a full interview turn syncs from the transcript and the gate prelint accepts the result (513.62675ms)
✔ interview coherence is advisory: skips when thin, judges when seeded, never writes gate state (534.508875ms)
✔ usage errors exit 2 and unknown subcommands are rejected (148.903875ms)
✔ one full-contract review covers thirty requirements without outcomes per AC (327.980541ms)
✔ actual required command failure prevents any judge call and cannot be skipped (302.724333ms)
✔ repeated identical command runs once per attempt, and runs again on the next attempt (496.941625ms)
✔ first defect stays open with stable ID and explicit resolution is required (612.977333ms)
✔ an unresolved defect cannot become a passing advisory on the next review (378.371083ms)
✔ semantic static reruns refuse without spend; source and input changes allow a new review (424.831958ms)
✔ registered shared evidence is hash-pinned and changed content stales PASS (271.774666ms)
✔ missing, empty, binary, escaping and oversized evidence blocks before review (836.90925ms)
✔ shared captures actually execute and unavailable image access never becomes human PASS (179.605875ms)
✔ run-wide Human Review remains conservative while every AC reaches review (160.62875ms)
✔ retired per-AC method contract is refused before mechanical execution (110.237042ms)
✔ an overall PASS string cannot conceal a defect in the new review contract (135.280541ms)
ℹ tests 125
ℹ suites 0
ℹ pass 125
ℹ fail 0
ℹ cancelled 0
ℹ skipped 0
ℹ todo 0
ℹ duration_ms 14305.672958
