
> sasu-cli@0.11.0 test:e2e
> node --test "test/e2e/*.test.mjs"

✔ a --json document larger than the pipe buffer arrives whole through a pipe (20383.882584ms)
✔ AC1: a rerun on an unchanged document returns a subset of the open findings and no new id (2467.651584ms)
✔ AC2: a lane whose Decision Register rows changed may add a finding; an unchanged lane may not (3040.555125ms)
✔ AC3: a state file written by this CLI carries no round counter and no review phase (2823.111167ms)
✔ AC3: a legacy state file carrying the retired review lifecycle fails loudly instead of being coerced (4163.672208ms)
✔ AC4: two open requiresHuman findings become one NEEDS_HUMAN bundle, and the user's answer seals PASS with no judge call (7864.354ms)
✔ AC4: a mixed open set blocks instead of asking the user; the human question waits for the agent-fixable one (2286.597542ms)
✔ AC5: a goal-scope lane P1 with every other lane empty is a PASS with the finding in warnings (2285.751458ms)
✔ AC6: a data-tech lane requiresHuman finding joins the human bundle and is not a PASS (1098.364625ms)
✔ AC6: a data-tech lane P2 marked requiresHuman is promoted into the bundle rather than warned away (1143.018167ms)
✔ AC7: after a sealed PASS, a Q anchor line, an Audit History block, and the status value do not make the gate STALE (12925.708459ms)
✔ AC8: after a sealed PASS, one changed Decision Register decision cell makes the gate STALE (5225.601167ms)
✔ gap-audit reopen records operational evidence without manufacturing a Raw Q&A answer or staling the sibling gate (11228.54775ms)
✔ spec reopen records operational evidence without manufacturing a Raw Q&A answer or staling the sibling gate (9801.13775ms)
✔ a substantive reopen request reaches the judge and its missing normalization can block once without unbounded new findings (3651.3805ms)
✔ AC11: gate reopen is refused before any verdict and records nothing (723.856667ms)
✔ AC9: a gap-audit run records itself in the qa-log's Audit History, moves the status, and writes nothing else (2012.171834ms)
✔ AC9: a judge error and a spec run are recorded too; spec never moves the qa-log status (1997.66825ms)
✔ AC14: a PRD citing a Q turn with an empty answer is blocked by prd-cited-question-unanswered at $0 (1323.893125ms)
✔ AC14: a PRD citing an answered Q turn passes the rule, and a quarter is not a citation (814.885666ms)
✔ an Implementor role refuses specification gates before setup writes, and an unmarked session recovers (4033.64825ms)
✔ gate gap-audit stops on a human gap then PASSes when the log is complete (2920.311375ms)
✔ gate spec BLOCKs on a fidelity gap and records the artifact (1384.346625ms)
✔ delegated spec judges receive the later invocation and the source cannot be replaced (5492.231542ms)
✔ hard block: override without --reason is rejected; with reason it unblocks and records a deviation (4123.886ms)
✔ fail-closed: a missing judge binary keeps the gate blocked with cause and override path (334.193125ms)
✔ fail-closed: invalid judge replies surface as a blocked ERROR run naming the lanes, not a pass (1224.198625ms)
✔ retry budget: a judge-error loop spends no budget and terminates on its own cause (3447.187625ms)
✔ fan-out: one blocking lane blocks the merged gate and per-lane records land in the artifact (1250.87225ms)
✔ fan-out: judge.fanout=false restores the single-judge path with exactly one call (1016.629125ms)
✔ fan-out: spec gate runs its two review-axis lanes (1186.818ms)
✔ fan-out rerun: a new lane finding on an unchanged document is discarded, and the resolved set seals (3542.064542ms)
✔ sealed PASS: input drift refuses automatic re-judgment and explicit reopen starts a fresh review (11531.413916ms)
✔ freshness: editing the qa-log after a gap-audit PASS surfaces STALE in gate status (6825.986458ms)
✔ gate status reports both semantic document gates and the judge call count (1690.857916ms)
✔ prelint: a structural qa-log defect blocks at $0 - no judge call, no attempt, no state (1893.424417ms)
✔ prelint: a blocked judge attempt count survives a later prelint failure untouched (1896.005875ms)
✔ prelint: spec gate lints the PRD at its entrance (1067.665458ms)
✔ prelint: an unreadable document path fails closed with a cause and no judge call (AC7) (957.987542ms)
✔ json contract: gate results carry contractVersion and a prelint key separate from judge findings (2930.006792ms)
✔ gate reopen --json and gate answer --json say what they did beside the NOT_RUN or PASS status (3125.027959ms)
✔ json contract: doctor, status, and override all emit contractVersion-tagged JSON (4478.410666ms)
✔ the standalone semantic verify gate is explicitly retired (1970.357292ms)
✔ delegated run: --assume-human-findings converts non-P0 human findings to a recorded ledger and proceeds (1459.219042ms)
✔ delegated run: a stored `gate delegate` record applies without the per-call flag (2102.924083ms)
✔ delegated run: the stored invocation cannot be replaced by a per-call placeholder (1333.660625ms)
✔ a sibling gate's recorded answer does not stale a sealed gate; an anchored answer still does (3432.00125ms)
✔ delegated run: a P0 human finding still blocks under --assume-human-findings (669.679458ms)
✔ delegated run: empty --assume-human-findings evidence is refused before any judge call (657.56675ms)
✔ a dual-backend auth failure's recovery is built from the failure record (1165.546208ms)
✔ only a human amendment reseals the full PRD and refreshes mirrored execution metadata (33033.368375ms)
✔ the sealed suite survives config weakening and exclusion requires approval while retaining its failed result (23201.76975ms)
✔ a worktree run's implementor is opened in a workspace on that worktree, never a split of the Observer's pane (28188.046541ms)
✔ dispatch refuses when the Observer's identity cannot be read, before any pane exists (B2) (11079.348667ms)
✔ an in-place run's implementor is opened as a tab in the Observer's workspace (9339.724333ms)
✔ dispatch refuses before it creates anything: no run, a foreign PRD, no workspace for an in-place run, a marked pane (8968.87275ms)
✔ AC33: the solver runs read-only and the run's only write happens after it returns (8338.101125ms)
✔ AC33: what comes back is a diagnosis, and it is recorded as text (8322.833625ms)
✔ AC33: a solver that returns anything but the three fields is not accepted (6729.65825ms)
✔ AC34: the replacement briefing carries the three artifacts and no conversation (6945.623333ms)
✔ AC34: with no herdr the reset is reported as the supervisor's to perform, not silently skipped (6718.36825ms)
✔ AC35: a summon failure is recorded as a failed escalation and the implementor is not reset (6649.832209ms)
✔ AC35: the run-wide bound refuses the escalation past the constant (8192.563625ms)
✔ AC35: escalate needs a reason and accepts a freeform diagnostic target (6858.369875ms)
✔ AC35: the implementor may not summon its own replacement (4338.09125ms)
✔ AC41: once the bound is spent, status names the run's state and the move that is left (7848.653958ms)
✔ AC43: the solver's input envelope and its output both hold their declared shape (7840.700917ms)
✔ a --slug run record is found from any worktree of the same repository (16292.988917ms)
✔ verify runs the sealed suite, writes a current report, and starts no reviewer process (23834.957834ms)
✔ source drift makes the report stale until deterministic verify is rerun (26796.645625ms)
✔ a failed required suite writes an honest failed report and remains caller-visible (13821.366208ms)
✔ a suite that mutates source publishes a source-moved failure and releases its lease (9868.436125ms)
✔ retired lifecycle commands and old state schemas fail explicitly (6444.430125ms)
✔ question limit is persisted, surfaced at the boundary, and preserves an extra captured turn (5511.315666ms)
✔ a full interview turn syncs from the transcript and the gate prelint accepts the result (8335.75825ms)
✔ interview coherence is advisory: skips when thin, judges when seeded, never writes gate state (8803.663333ms)
✔ usage errors exit 2 and unknown subcommands are rejected (2283.868375ms)
✔ an explicit --anchor moves a decision's citation instead of duplicating it, and --anchor none clears it (8097.19125ms)
✔ checkpoint tolerates an already-normalized entry and names a missing one (7070.745792ms)
✔ B1/B5/B8/B17: a dispatched run is indexed at once, a working implementor wakes nobody, a settled one wakes the Observer exactly once, and status shows it (21104.32175ms)
✔ D-15/B18: status and the digest name the loop that owns Observer recovery, and the tick still wakes only the recorded Observer for a factory run (16677.92775ms)
✔ B9/B18: after the Observer's session is replaced no input reaches the pane, status says observer-gone, and an explicit handover resumes wakes to the new session (16040.997041ms)
✔ B15: retiring the run wakes the Observer once with reason terminal and removes it from the index; a later tick sees nothing (11393.420542ms)
✔ B3: a tick killed at any point leaves an index the next tick reads to the same decision, and the Observer is woken at least once and at most once more (10625.278625ms)
✔ B10/B16: status --digest is deterministic on a fixture history, reads only for the recorded Observer, and carries no judgment (6098.530167ms)
✔ B13: the Stop hook exits 0 and creates nothing for a marked session, a session outside Herdr, an unknown session, and only kicks the tick for the recorded Observer (2170.9295ms)
✔ B14: install, update and uninstall of the LaunchAgent converge under an isolated HOME and never touch the domain twice for an unchanged definition (2203.658875ms)
ℹ tests 87
ℹ suites 0
ℹ pass 87
ℹ fail 0
ℹ cancelled 0
ℹ skipped 0
ℹ todo 0
ℹ duration_ms 86401.744291
e2e=0
