
> sasu-cli@0.11.0 test:e2e
> node --test "test/e2e/*.test.mjs"

✔ a --json document larger than the pipe buffer arrives whole through a pipe (19510.713125ms)
✔ AC1: a rerun on an unchanged document returns a subset of the open findings and no new id (2524.809375ms)
✔ AC2: a lane whose Decision Register rows changed may add a finding; an unchanged lane may not (3070.746833ms)
✔ AC3: a state file written by this CLI carries no round counter and no review phase (2798.026ms)
✔ AC3: a legacy state file carrying the retired review lifecycle fails loudly instead of being coerced (4088.444834ms)
✔ AC4: two open requiresHuman findings become one NEEDS_HUMAN bundle, and the user's answer seals PASS with no judge call (7342.650959ms)
✔ AC4: a mixed open set blocks instead of asking the user; the human question waits for the agent-fixable one (2097.435667ms)
✔ AC5: a goal-scope lane P1 with every other lane empty is a PASS with the finding in warnings (2192.477541ms)
✔ AC6: a data-tech lane requiresHuman finding joins the human bundle and is not a PASS (960.598709ms)
✔ AC6: a data-tech lane P2 marked requiresHuman is promoted into the bundle rather than warned away (1159.921416ms)
✔ AC7: after a sealed PASS, a Q anchor line, an Audit History block, and the status value do not make the gate STALE (12267.127208ms)
✔ AC8: after a sealed PASS, one changed Decision Register decision cell makes the gate STALE (5241.93425ms)
✔ gap-audit reopen records operational evidence without manufacturing a Raw Q&A answer or staling the sibling gate (11008.314958ms)
✔ spec reopen records operational evidence without manufacturing a Raw Q&A answer or staling the sibling gate (8652.769ms)
✔ a substantive reopen request reaches the judge and its missing normalization can block once without unbounded new findings (3658.975834ms)
✔ AC11: gate reopen is refused before any verdict and records nothing (718.582333ms)
✔ AC9: a gap-audit run records itself in the qa-log's Audit History, moves the status, and writes nothing else (2132.932416ms)
✔ AC9: a judge error and a spec run are recorded too; spec never moves the qa-log status (1893.840625ms)
✔ AC14: a PRD citing a Q turn with an empty answer is blocked by prd-cited-question-unanswered at $0 (1227.605625ms)
✔ AC14: a PRD citing an answered Q turn passes the rule, and a quarter is not a citation (667.0065ms)
✔ an Implementor role refuses specification gates before setup writes, and an unmarked session recovers (4087.711625ms)
✔ gate gap-audit stops on a human gap then PASSes when the log is complete (2938.703416ms)
✔ gate spec BLOCKs on a fidelity gap and records the artifact (1375.100166ms)
✔ delegated spec judges receive the later invocation and the source cannot be replaced (5296.502041ms)
✔ hard block: override without --reason is rejected; with reason it unblocks and records a deviation (3846.800625ms)
✔ fail-closed: a missing judge binary keeps the gate blocked with cause and override path (362.114708ms)
✔ fail-closed: invalid judge replies surface as a blocked ERROR run naming the lanes, not a pass (1173.206333ms)
✔ retry budget: a judge-error loop spends no budget and terminates on its own cause (3172.342292ms)
✔ fan-out: one blocking lane blocks the merged gate and per-lane records land in the artifact (1165.117084ms)
✔ fan-out: judge.fanout=false restores the single-judge path with exactly one call (975.177458ms)
✔ fan-out: spec gate runs its two review-axis lanes (1056.521875ms)
✔ fan-out rerun: a new lane finding on an unchanged document is discarded, and the resolved set seals (3270.056042ms)
✔ sealed PASS: input drift refuses automatic re-judgment and explicit reopen starts a fresh review (11244.562541ms)
✔ freshness: editing the qa-log after a gap-audit PASS surfaces STALE in gate status (6868.695583ms)
✔ gate status reports both semantic document gates and the judge call count (1924.101041ms)
✔ prelint: a structural qa-log defect blocks at $0 - no judge call, no attempt, no state (1694.678583ms)
✔ prelint: a blocked judge attempt count survives a later prelint failure untouched (1822.368833ms)
✔ prelint: spec gate lints the PRD at its entrance (956.865083ms)
✔ prelint: an unreadable document path fails closed with a cause and no judge call (AC7) (835.745667ms)
✔ json contract: gate results carry contractVersion and a prelint key separate from judge findings (2645.781458ms)
✔ gate reopen --json and gate answer --json say what they did beside the NOT_RUN or PASS status (2937.34625ms)
✔ json contract: doctor, status, and override all emit contractVersion-tagged JSON (4033.4845ms)
✔ the standalone semantic verify gate is explicitly retired (1918.237833ms)
✔ delegated run: --assume-human-findings converts non-P0 human findings to a recorded ledger and proceeds (1455.896375ms)
✔ delegated run: a stored `gate delegate` record applies without the per-call flag (2067.527417ms)
✔ delegated run: the stored invocation cannot be replaced by a per-call placeholder (1440.581208ms)
✔ a sibling gate's recorded answer does not stale a sealed gate; an anchored answer still does (3132.556125ms)
✔ delegated run: a P0 human finding still blocks under --assume-human-findings (616.242167ms)
✔ delegated run: empty --assume-human-findings evidence is refused before any judge call (549.842ms)
✔ a dual-backend auth failure's recovery is built from the failure record (1398.679084ms)
✔ only a human amendment reseals the full PRD and refreshes mirrored execution metadata (31308.903542ms)
✔ the sealed suite survives config weakening and exclusion requires approval while retaining its failed result (22763.39725ms)
✔ a worktree run's implementor is opened in a workspace on that worktree, never a split of the Observer's pane (26649.463875ms)
✔ dispatch refuses when the Observer's identity cannot be read, before any pane exists (B2) (10974.347084ms)
✔ an in-place run's implementor is opened as a tab in the Observer's workspace (10256.516375ms)
✔ dispatch refuses before it creates anything: no run, a foreign PRD, no workspace for an in-place run, a marked pane (8273.600458ms)
✔ AC33: the solver runs read-only and the run's only write happens after it returns (8397.454417ms)
✔ AC33: what comes back is a diagnosis, and it is recorded as text (7866.355375ms)
✔ AC33: a solver that returns anything but the three fields is not accepted (6351.260584ms)
✔ AC34: the replacement briefing carries the three artifacts and no conversation (6465.217958ms)
✔ AC34: with no herdr the reset is reported as the supervisor's to perform, not silently skipped (6295.856584ms)
✔ AC35: a summon failure is recorded as a failed escalation and the implementor is not reset (6786.673459ms)
✔ AC35: the run-wide bound refuses the escalation past the constant (8284.58775ms)
✔ AC35: escalate needs a reason and accepts a freeform diagnostic target (6268.387042ms)
✔ AC35: the implementor may not summon its own replacement (4117.396042ms)
✔ AC41: once the bound is spent, status names the run's state and the move that is left (7627.041666ms)
✔ AC43: the solver's input envelope and its output both hold their declared shape (7266.751459ms)
✔ a --slug run record is found from any worktree of the same repository (15743.66125ms)
✔ verify runs the sealed suite, writes a current report, and starts no reviewer process (23043.104834ms)
✔ source drift makes the report stale until deterministic verify is rerun (26217.785666ms)
✔ a failed required suite writes an honest failed report and remains caller-visible (12855.990208ms)
✔ a suite that mutates source publishes a source-moved failure and releases its lease (9694.215ms)
✔ retired lifecycle commands and old state schemas fail explicitly (5855.4685ms)
✔ question limit is persisted, surfaced at the boundary, and preserves an extra captured turn (5588.571417ms)
✔ a full interview turn syncs from the transcript and the gate prelint accepts the result (8110.587917ms)
✔ interview coherence is advisory: skips when thin, judges when seeded, never writes gate state (8221.194292ms)
✔ usage errors exit 2 and unknown subcommands are rejected (2191.951083ms)
✔ an explicit --anchor moves a decision's citation instead of duplicating it, and --anchor none clears it (7554.893959ms)
✔ checkpoint tolerates an already-normalized entry and names a missing one (6830.700292ms)
✔ B1/B5/B8/B17: a dispatched run is indexed at once, a working implementor wakes nobody, a settled one wakes the Observer exactly once, and status shows it (20873.8235ms)
✔ D-15/B18: status and the digest name the loop that owns Observer recovery, and the tick still wakes only the recorded Observer for a factory run (16002.457292ms)
✔ B9/B18: after the Observer's session is replaced no input reaches the pane, status says observer-gone, and an explicit handover resumes wakes to the new session (17253.128375ms)
✔ B15: retiring the run wakes the Observer once with reason terminal and removes it from the index; a later tick sees nothing (9007.404ms)
✔ B3: a tick killed at any point leaves an index the next tick reads to the same decision, and the Observer is woken at least once and at most once more (10309.70325ms)
✔ B10/B16: status --digest is deterministic on a fixture history, reads only for the recorded Observer, and carries no judgment (5578.222666ms)
✔ B13: the Stop hook exits 0 and creates nothing for a marked session, a session outside Herdr, an unknown session, and only kicks the tick for the recorded Observer (2601.899625ms)
✔ B14: install, update and uninstall of the LaunchAgent converge under an isolated HOME and never touch the domain twice for an unchanged definition (2153.355958ms)
ℹ tests 87
ℹ suites 0
ℹ pass 87
ℹ fail 0
ℹ cancelled 0
ℹ skipped 0
ℹ todo 0
ℹ duration_ms 83872.239084
e2e=0
