
> sasu-cli@0.11.0 test:e2e
> node --test "test/e2e/*.test.mjs"

✔ a --json document larger than the pipe buffer arrives whole through a pipe (18926.60725ms)
✔ AC1: a rerun on an unchanged document returns a subset of the open findings and no new id (2519.272208ms)
✔ AC2: a lane whose Decision Register rows changed may add a finding; an unchanged lane may not (2925.07875ms)
✔ AC3: a state file written by this CLI carries no round counter and no review phase (2843.473583ms)
✔ AC3: a legacy state file carrying the retired review lifecycle fails loudly instead of being coerced (3943.356041ms)
✔ AC4: two open requiresHuman findings become one NEEDS_HUMAN bundle, and the user's answer seals PASS with no judge call (7004.429333ms)
✔ AC4: a mixed open set blocks instead of asking the user; the human question waits for the agent-fixable one (2099.902542ms)
✔ AC5: a goal-scope lane P1 with every other lane empty is a PASS with the finding in warnings (2113.737667ms)
✔ AC6: a data-tech lane requiresHuman finding joins the human bundle and is not a PASS (1063.822333ms)
✔ AC6: a data-tech lane P2 marked requiresHuman is promoted into the bundle rather than warned away (1091.875208ms)
✔ AC7: after a sealed PASS, a Q anchor line, an Audit History block, and the status value do not make the gate STALE (11588.416875ms)
✔ AC8: after a sealed PASS, one changed Decision Register decision cell makes the gate STALE (4747.550792ms)
✔ gap-audit reopen records operational evidence without manufacturing a Raw Q&A answer or staling the sibling gate (11141.697875ms)
✔ spec reopen records operational evidence without manufacturing a Raw Q&A answer or staling the sibling gate (8093.910208ms)
✔ a substantive reopen request reaches the judge and its missing normalization can block once without unbounded new findings (3585.912375ms)
✔ AC11: gate reopen is refused before any verdict and records nothing (760.764791ms)
✔ AC9: a gap-audit run records itself in the qa-log's Audit History, moves the status, and writes nothing else (1974.461458ms)
✔ AC9: a judge error and a spec run are recorded too; spec never moves the qa-log status (2166.674875ms)
✔ AC14: a PRD citing a Q turn with an empty answer is blocked by prd-cited-question-unanswered at $0 (1505.336208ms)
✔ AC14: a PRD citing an answered Q turn passes the rule, and a quarter is not a citation (950.207208ms)
✔ an Implementor role refuses specification gates before setup writes, and an unmarked session recovers (4039.141375ms)
✔ gate gap-audit stops on a human gap then PASSes when the log is complete (2902.919542ms)
✔ gate spec BLOCKs on a fidelity gap and records the artifact (1349.404167ms)
✔ delegated spec judges receive the later invocation and the source cannot be replaced (5116.74175ms)
✔ hard block: override without --reason is rejected; with reason it unblocks and records a deviation (3602.6675ms)
✔ fail-closed: a missing judge binary keeps the gate blocked with cause and override path (358.293833ms)
✔ fail-closed: invalid judge replies surface as a blocked ERROR run naming the lanes, not a pass (1150.341125ms)
✔ retry budget: a judge-error loop spends no budget and terminates on its own cause (3185.592292ms)
✔ fan-out: one blocking lane blocks the merged gate and per-lane records land in the artifact (1141.838917ms)
✔ fan-out: judge.fanout=false restores the single-judge path with exactly one call (942.996ms)
✔ fan-out: spec gate runs its two review-axis lanes (1093.0875ms)
✔ fan-out rerun: a new lane finding on an unchanged document is discarded, and the resolved set seals (3324.725916ms)
✔ sealed PASS: input drift refuses automatic re-judgment and explicit reopen starts a fresh review (10159.669208ms)
✔ freshness: editing the qa-log after a gap-audit PASS surfaces STALE in gate status (6677.624125ms)
✔ gate status reports both semantic document gates and the judge call count (1748.081958ms)
✔ prelint: a structural qa-log defect blocks at $0 - no judge call, no attempt, no state (1818.532834ms)
✔ prelint: a blocked judge attempt count survives a later prelint failure untouched (1850.450375ms)
✔ prelint: spec gate lints the PRD at its entrance (1061.154542ms)
✔ prelint: an unreadable document path fails closed with a cause and no judge call (AC7) (907.394208ms)
✔ json contract: gate results carry contractVersion and a prelint key separate from judge findings (2601.014375ms)
✔ gate reopen --json and gate answer --json say what they did beside the NOT_RUN or PASS status (2780.528917ms)
✔ json contract: doctor, status, and override all emit contractVersion-tagged JSON (3631.149208ms)
✔ the standalone semantic verify gate is explicitly retired (1815.981042ms)
✔ delegated run: --assume-human-findings converts non-P0 human findings to a recorded ledger and proceeds (1492.056375ms)
✔ delegated run: a stored `gate delegate` record applies without the per-call flag (1965.938333ms)
✔ delegated run: the stored invocation cannot be replaced by a per-call placeholder (1470.0245ms)
✔ a sibling gate's recorded answer does not stale a sealed gate; an anchored answer still does (3920.697667ms)
✔ delegated run: a P0 human finding still blocks under --assume-human-findings (589.240125ms)
✔ delegated run: empty --assume-human-findings evidence is refused before any judge call (492.480542ms)
✔ a dual-backend auth failure's recovery is built from the failure record (1117.566042ms)
✔ only a human amendment reseals the full PRD and refreshes mirrored execution metadata (30788.360833ms)
✔ the sealed suite survives config weakening and exclusion requires approval while retaining its failed result (21968.370542ms)
✔ a worktree run's implementor is opened in a workspace on that worktree, never a split of the Observer's pane (26391.407042ms)
✔ dispatch refuses when the Observer's identity cannot be read, before any pane exists (B2) (10098.213ms)
✔ an in-place run's implementor is opened as a tab in the Observer's workspace (9153.63ms)
✔ dispatch refuses before it creates anything: no run, a foreign PRD, no workspace for an in-place run, a marked pane (8595.398542ms)
✔ AC33: the solver runs read-only and the run's only write happens after it returns (8295.027ms)
✔ AC33: what comes back is a diagnosis, and it is recorded as text (6866.363875ms)
✔ AC33: a solver that returns anything but the three fields is not accepted (6541.847792ms)
✔ AC34: the replacement briefing carries the three artifacts and no conversation (6504.863083ms)
✔ AC34: with no herdr the reset is reported as the supervisor's to perform, not silently skipped (5914.9ms)
✔ AC35: a summon failure is recorded as a failed escalation and the implementor is not reset (5825.009667ms)
✔ AC35: the run-wide bound refuses the escalation past the constant (8395.504375ms)
✔ AC35: escalate needs a reason and accepts a freeform diagnostic target (6439.245333ms)
✔ AC35: the implementor may not summon its own replacement (3789.103917ms)
✔ AC41: once the bound is spent, status names the run's state and the move that is left (7154.321667ms)
✔ AC43: the solver's input envelope and its output both hold their declared shape (7788.778708ms)
✔ a --slug run record is found from any worktree of the same repository (15172.912ms)
✔ verify runs the sealed suite, writes a current report, and starts no reviewer process (22045.153334ms)
✔ source drift makes the report stale until deterministic verify is rerun (25077.199833ms)
✔ a failed required suite writes an honest failed report and remains caller-visible (12330.274208ms)
✔ a suite that mutates source publishes a source-moved failure and releases its lease (9503.475875ms)
✔ retired lifecycle commands and old state schemas fail explicitly (6657.868917ms)
✔ question limit is persisted, surfaced at the boundary, and preserves an extra captured turn (5442.749083ms)
✔ a full interview turn syncs from the transcript and the gate prelint accepts the result (7976.696042ms)
✔ interview coherence is advisory: skips when thin, judges when seeded, never writes gate state (7920.552917ms)
✔ usage errors exit 2 and unknown subcommands are rejected (2116.696ms)
✔ an explicit --anchor moves a decision's citation instead of duplicating it, and --anchor none clears it (7693.7595ms)
✔ checkpoint tolerates an already-normalized entry and names a missing one (6041.645834ms)
✔ B1/B5/B8/B17: a dispatched run is indexed at once, a working implementor wakes nobody, a settled one wakes the Observer exactly once, and status shows it (20602.8885ms)
✔ B9/B18: after the Observer's session is replaced no input reaches the pane, status says observer-gone, and an explicit handover resumes wakes to the new session (18643.939792ms)
✔ B15: retiring the run wakes the Observer once with reason terminal and removes it from the index; a later tick sees nothing (11250.394667ms)
✔ B3: a tick killed at any point leaves an index the next tick reads to the same decision, and the Observer is woken at least once and at most once more (10704.631292ms)
✔ B10/B16: status --digest is deterministic on a fixture history, reads only for the recorded Observer, and carries no judgment (12428.194958ms)
✔ B13: the Stop hook exits 0 and creates nothing for a marked session, a session outside Herdr, an unknown session, and only kicks the tick for the recorded Observer (2812.222459ms)
✔ B14: install, update and uninstall of the LaunchAgent converge under an isolated HOME and never touch the domain twice for an unchanged definition (2041.961791ms)
ℹ tests 86
ℹ suites 0
ℹ pass 86
ℹ fail 0
ℹ cancelled 0
ℹ skipped 0
ℹ todo 0
ℹ duration_ms 78562.10175
e2e=0
